// Jest Snapshot v1, https://goo.gl/fbAQLP

exports[`Footer renderes correctly 1`] = `
<EmotionCssPropInternal
  __EMOTION_LABEL_PLEASE_DO_NOT_USE__="Footer"
  __EMOTION_TYPE_PLEASE_DO_NOT_USE__="footer"
  css={
    Object {
      "@media only screen and (min-width: 59rem)": Object {
        "marginLeft": "12rem",
      },
      "@media only screen and (min-width: 70rem)": Object {
        "marginLeft": 0,
      },
      "alignSelf": "flex-end",
      "fontSize": "0.75rem",
      "margin": "1rem auto",
      "maxWidth": "42rem",
      "padding": "0 1rem",
      "width": "100%",
    }
  }
>
  <div>
    Copyright © 
    2021
     
    <Link
      href="/"
    >
      Fullname
    </Link>
     (
    Pronouns
    ).
     
    <Link
      href="https://creativecommons.org/licenses/by-sa/4.0/"
      rel="license"
    >
      Some Rights Reserved
    </Link>
    .
     
    <Link
      href="https://github.com/jbhannah/jbhannah.net"
    >
      Source on GitHub
    </Link>
    .
  </div>
</EmotionCssPropInternal>
`;
