// Jest Snapshot v1, https://goo.gl/fbAQLP

exports[`Footer renderes correctly 1`] = `
<footer
  class="css-13br9d0"
  data-testid="footer"
>
  <div>
    Copyright © 
    2022
     
    <a
      aria-current="page"
      class="css-nk3r0j"
      href="/"
    >
      Fullname
    </a>
     (
    Pronouns
    ).
     
    <a
      class="css-nk3r0j"
      href="https://creativecommons.org/licenses/by-sa/4.0/"
      rel="license noopener"
      target="_blank"
    >
      Some Rights Reserved
    </a>
    . Emoji by 
    <a
      class="css-nk3r0j"
      href="https://twemoji.twitter.com/"
      rel="noopener"
      target="_blank"
    >
      Twemoji
    </a>
    .
     
    <a
      class="css-nk3r0j"
      href="https://github.com/jbhannah/jbhannah.net"
      rel="noopener"
      target="_blank"
    >
      Source on GitHub
    </a>
    .
  </div>
</footer>
`;
