// Jest Snapshot v1, https://goo.gl/fbAQLP

exports[`Footer renderes correctly 1`] = `
ShallowWrapper {
  Symbol(enzyme.__root__): [Circular],
  Symbol(enzyme.__unrendered__): <Footer
    title="Test Site"
  />,
  Symbol(enzyme.__renderer__): Object {
    "batchedUpdates": [Function],
    "checkPropTypes": [Function],
    "getNode": [Function],
    "render": [Function],
    "simulateError": [Function],
    "simulateEvent": [Function],
    "unmount": [Function],
  },
  Symbol(enzyme.__node__): Object {
    "instance": null,
    "key": undefined,
    "nodeType": "host",
    "props": Object {
      "children": <div>
        Copyright © 
        2019
         
        <Link
          href="/"
        >
          Test Site
        </Link>
        .
         
        <Link
          href="https://creativecommons.org/licenses/by-sa/4.0/"
          rel="license"
        >
          Some Rights Reserved
        </Link>
        .
         
        <Link
          href="https://github.com/jbhannah/jbhannah.net"
        >
          Source on GitHub
        </Link>
        .
      </div>,
      "css": Array [
        Object {
          "margin": "0 auto",
          "maxWidth": "42rem",
          "padding": "0 1rem",
          "width": "100%",
        },
        Object {
          "@media only screen and (min-width: 59rem)": Object {
            "marginLeft": "12rem",
          },
          "@media only screen and (min-width: 70rem)": Object {
            "marginLeft": 0,
          },
          "alignSelf": "flex-end",
          "fontSize": "0.75rem",
          "margin": "1rem auto",
        },
      ],
    },
    "ref": null,
    "rendered": Object {
      "instance": null,
      "key": undefined,
      "nodeType": "host",
      "props": Object {
        "children": Array [
          "Copyright © ",
          2019,
          " ",
          <Link
            href="/"
          >
            Test Site
          </Link>,
          ".",
          " ",
          <Link
            href="https://creativecommons.org/licenses/by-sa/4.0/"
            rel="license"
          >
            Some Rights Reserved
          </Link>,
          ".",
          " ",
          <Link
            href="https://github.com/jbhannah/jbhannah.net"
          >
            Source on GitHub
          </Link>,
          ".",
        ],
      },
      "ref": null,
      "rendered": Array [
        "Copyright © ",
        2019,
        " ",
        Object {
          "instance": null,
          "key": undefined,
          "nodeType": "function",
          "props": Object {
            "children": "Test Site",
            "href": "/",
          },
          "ref": null,
          "rendered": "Test Site",
          "type": [Function],
        },
        ".",
        " ",
        Object {
          "instance": null,
          "key": undefined,
          "nodeType": "function",
          "props": Object {
            "children": "Some Rights Reserved",
            "href": "https://creativecommons.org/licenses/by-sa/4.0/",
            "rel": "license",
          },
          "ref": null,
          "rendered": "Some Rights Reserved",
          "type": [Function],
        },
        ".",
        " ",
        Object {
          "instance": null,
          "key": undefined,
          "nodeType": "function",
          "props": Object {
            "children": "Source on GitHub",
            "href": "https://github.com/jbhannah/jbhannah.net",
          },
          "ref": null,
          "rendered": "Source on GitHub",
          "type": [Function],
        },
        ".",
      ],
      "type": "div",
    },
    "type": "footer",
  },
  Symbol(enzyme.__nodes__): Array [
    Object {
      "instance": null,
      "key": undefined,
      "nodeType": "host",
      "props": Object {
        "children": <div>
          Copyright © 
          2019
           
          <Link
            href="/"
          >
            Test Site
          </Link>
          .
           
          <Link
            href="https://creativecommons.org/licenses/by-sa/4.0/"
            rel="license"
          >
            Some Rights Reserved
          </Link>
          .
           
          <Link
            href="https://github.com/jbhannah/jbhannah.net"
          >
            Source on GitHub
          </Link>
          .
        </div>,
        "css": Array [
          Object {
            "margin": "0 auto",
            "maxWidth": "42rem",
            "padding": "0 1rem",
            "width": "100%",
          },
          Object {
            "@media only screen and (min-width: 59rem)": Object {
              "marginLeft": "12rem",
            },
            "@media only screen and (min-width: 70rem)": Object {
              "marginLeft": 0,
            },
            "alignSelf": "flex-end",
            "fontSize": "0.75rem",
            "margin": "1rem auto",
          },
        ],
      },
      "ref": null,
      "rendered": Object {
        "instance": null,
        "key": undefined,
        "nodeType": "host",
        "props": Object {
          "children": Array [
            "Copyright © ",
            2019,
            " ",
            <Link
              href="/"
            >
              Test Site
            </Link>,
            ".",
            " ",
            <Link
              href="https://creativecommons.org/licenses/by-sa/4.0/"
              rel="license"
            >
              Some Rights Reserved
            </Link>,
            ".",
            " ",
            <Link
              href="https://github.com/jbhannah/jbhannah.net"
            >
              Source on GitHub
            </Link>,
            ".",
          ],
        },
        "ref": null,
        "rendered": Array [
          "Copyright © ",
          2019,
          " ",
          Object {
            "instance": null,
            "key": undefined,
            "nodeType": "function",
            "props": Object {
              "children": "Test Site",
              "href": "/",
            },
            "ref": null,
            "rendered": "Test Site",
            "type": [Function],
          },
          ".",
          " ",
          Object {
            "instance": null,
            "key": undefined,
            "nodeType": "function",
            "props": Object {
              "children": "Some Rights Reserved",
              "href": "https://creativecommons.org/licenses/by-sa/4.0/",
              "rel": "license",
            },
            "ref": null,
            "rendered": "Some Rights Reserved",
            "type": [Function],
          },
          ".",
          " ",
          Object {
            "instance": null,
            "key": undefined,
            "nodeType": "function",
            "props": Object {
              "children": "Source on GitHub",
              "href": "https://github.com/jbhannah/jbhannah.net",
            },
            "ref": null,
            "rendered": "Source on GitHub",
            "type": [Function],
          },
          ".",
        ],
        "type": "div",
      },
      "type": "footer",
    },
  ],
  Symbol(enzyme.__options__): Object {
    "adapter": ReactSixteenAdapter {
      "options": Object {
        "enableComponentDidUpdateOnSetState": true,
        "legacyContextMode": "parent",
        "lifecycles": Object {
          "componentDidUpdate": Object {
            "onSetState": true,
          },
          "getChildContext": Object {
            "calledByRenderer": false,
          },
          "getDerivedStateFromProps": true,
          "getSnapshotBeforeUpdate": true,
          "setState": Object {
            "skipsComponentDidUpdateOnNullish": true,
          },
        },
      },
    },
  },
}
`;
