// Jest Snapshot v1, https://goo.gl/fbAQLP

exports[`Header renders correctly 1`] = `
<header
  class="css-xutqz5"
  data-testid="header"
>
  <h1
    class="css-19x6mp6"
    role="heading"
  >
    <a
      aria-current="page"
      class="css-uuv0t2"
      href="/"
    >
      <picture
        class="css-xik1rc"
      >
        <source
          srcset="avatar-srcSet.webp"
          type="image/webp"
        />
        <img
          alt="Title"
          src="avatar.png"
        />
      </picture>
      Fullname
      <small>
        (
        Pronouns
        )
      </small>
    </a>
  </h1>
  <nav
    class="css-7zh605"
  >
    <ul
      class="css-1cxsv5l"
    >
      <li
        class="css-1cc6n5j"
      >
        <a
          class="css-zdg12z"
          href="https://www.example.com"
          rel="noopener"
          target="_blank"
          title="Test Name on Test Service"
        >
          <test-file-stub
            classname="css-1k2mngo"
          />
        </a>
      </li>
    </ul>
  </nav>
</header>
`;
