// Jest Snapshot v1, https://goo.gl/fbAQLP

exports[`Header renders correctly 1`] = `
<header
  class="css-dm2l2k-Header"
>
  <h1
    class="css-i0n5nb-Header"
  >
    <a
      aria-current="page"
      class="css-1qnptjq-Header"
      css="[object Object]"
      href="/"
    >
      <picture
        class="css-o08s1i-Header"
      >
        <source
          srcset="avatar-srcSet.webp"
          type="image/webp"
        />
        <img
          alt="Title"
          src="avatar.png"
        />
      </picture>
      Fullname
      <small>
        (Pronouns)
      </small>
    </a>
  </h1>
  <nav
    class="css-lx2ox9-SocialNav"
  >
    <ul
      class="css-1n7px8z-SocialNav"
    >
      <li
        class="css-h61ul7-SocialLink"
      >
        <a
          class="css-q49akx-SocialLink"
          css="[object Object]"
          href="https://www.example.com"
          rel="noopener"
          target="_blank"
          title="Test Name on Test Service"
        >
          <test-file-stub
            classname="css-78d5kl-SocialLink"
          />
        </a>
      </li>
    </ul>
  </nav>
</header>
`;
