// Jest Snapshot v1, https://goo.gl/fbAQLP

exports[`Header renders correctly 1`] = `
<header
  css={
    Object {
      "@media only screen and (min-width: 59rem)": Object {
        "flexDirection": "column",
        "justifyContent": "flex-start",
        "margin": 0,
        "textAlign": "center",
        "width": "12rem",
      },
      "@media only screen and (min-width: 70rem)": Object {
        "marginLeft": "-12rem",
      },
      "display": "flex",
      "flexDirection": "row",
      "justifyContent": "space-between",
      "margin": "0 auto",
      "maxWidth": "42rem",
      "padding": "0 1rem",
      "width": "100%",
    }
  }
>
  <Heading
    css={
      Object {
        "@media only screen and (min-width: 28rem)": Object {
          "fontSize": "1.25rem",
        },
        "fontSize": "1.15rem",
      }
    }
    level="h1"
  >
    <Link
      css={
        Object {
          "display": "block",
        }
      }
      href="/"
    >
      <img
        css={
          Object {
            "@media only screen and (min-width: 59rem)": Object {
              "a:hover > &": Object {
                "borderRadius": "15%",
              },
              "borderRadius": "50%",
              "display": "block",
              "marginBottom": "0.79rem",
              "transition": "border-radius 0.5s",
              "width": "100%",
            },
            "display": "none",
          }
        }
        src="test-file-stub"
      />
      Test Site
    </Link>
  </Heading>
  <SocialNav
    socialLinks={
      Array [
        Object {
          "key": "Test Service",
          "link": "https://www.example.com",
          "name": "Test Name",
          "service": "Test Service",
        },
      ]
    }
  />
</header>
`;
