// Jest Snapshot v1, https://goo.gl/fbAQLP

exports[`Blockquote renders correctly 1`] = `
<blockquote
  css={
    Object {
      "@media only screen and (max-width:480px)": Object {
        "borderLeft": "0.29625rem solid #0f7b3b",
        "marginLeft": "-1.185rem",
        "paddingLeft": "0.88875rem",
      },
      "@media only screen and (min-width: 28rem)": Object {
        "borderLeft": "0.5925rem solid #0f7b3b",
        "marginLeft": 0,
        "paddingLeft": "0.9875rem",
      },
      "borderLeft": "0.29625rem solid #0f7b3b",
      "marginLeft": "-1.185rem",
      "paddingLeft": "0.88875rem",
    }
  }
/>
`;
