// Jest Snapshot v1, https://goo.gl/fbAQLP

exports[`Layout renders correctly 1`] = `
<div
  class="css-q8kv08"
>
  <header
    class="css-xutqz5"
  >
    <h1
      class="css-19x6mp6"
    >
      <a
        aria-current="page"
        class="css-uuv0t2"
        href="/"
      >
        <picture
          class="css-xik1rc"
        >
          <source
            srcset="avatar-srcSet.webp"
            type="image/webp"
          />
          <img
            alt="Jesse B. Hannah (she/her)"
            src="avatar.png"
          />
        </picture>
        Jesse B. Hannah
        <small>
          (she/her)
        </small>
      </a>
    </h1>
    <nav
      class="css-7zh605"
    >
      <ul
        class="css-1cxsv5l"
      >
        <li
          class="css-1cc6n5j"
        >
          <a
            class="css-zdg12z"
            href="https://www.example.com"
            rel="noopener"
            target="_blank"
            title="Test Name on Test Service"
          >
            <test-file-stub
              classname="css-1k2mngo"
            />
          </a>
        </li>
      </ul>
    </nav>
  </header>
  <main
    class="css-10zmcc1"
  >
    <div />
  </main>
  <footer
    class="css-13br9d0"
  >
    <div>
      Copyright © 2021 
      <a
        aria-current="page"
        class="css-nk3r0j"
        href="/"
      >
        Jesse B. Hannah
      </a>
       (she/her). 
      <a
        class="css-nk3r0j"
        href="https://creativecommons.org/licenses/by-sa/4.0/"
        rel="license noopener"
        target="_blank"
      >
        Some Rights Reserved
      </a>
      . Emoji by 
      <a
        class="css-nk3r0j"
        href="https://twemoji.twitter.com/"
        rel="noopener"
        target="_blank"
      >
        Twemoji
      </a>
      . 
      <a
        class="css-nk3r0j"
        href="https://github.com/jbhannah/jbhannah.net"
        rel="noopener"
        target="_blank"
      >
        Source on GitHub
      </a>
      .
    </div>
  </footer>
</div>
`;
